  VCK: source VCI failed: insufficient_data: VCK: VCI: coverage 52.0% (195/375 exchange sessions), first=2025-12-16, required_start<=2025-05-28
source_manager: VCI failed (1x)
source_manager: switching to MSN
  VCK: source MSN failed: insufficient_data: VCK: MSN: coverage 51.7% (194/375 exchange sessions), first=2025-12-16, required_start<=2025-05-28
source_manager: MSN failed (1x)
source_manager: all sources exhausted, will use stale cache
  VCK: all sources failed: insufficient_data: VCK: MSN: coverage 51.7% (194/375 exchange sessions), first=2025-12-16, required_start<=2025-05-28
  MSR: source MSN failed: insufficient_data: MSR: MSN: coverage 25.6% (96/375 exchange sessions), first=2025-04-03, required_start<=2025-05-28
source_manager: MSN failed (1x)
source_manager: all sources exhausted, will use stale cache
  TCX: source VCI failed: insufficient_data: TCX: VCI: coverage 62.7% (235/375 exchange sessions), first=2025-10-21, required_start<=2025-05-28
source_manager: VCI failed (1x)
source_manager: switching to MSN
  TCX: source MSN failed: insufficient_data: TCX: MSN: coverage 62.4% (234/375 exchange sessions), first=2025-10-21, required_start<=2025-05-28
source_manager: MSN failed (2x)
source_manager: all sources exhausted, will use stale cache
  TCX: all sources failed: insufficient_data: TCX: MSN: coverage 62.4% (234/375 exchange sessions), first=2025-10-21, required_start<=2025-05-28
  GEL: source MSN failed: insufficient_data: GEL: MSN: coverage 47.7% (179/375 exchange sessions), first=2025-04-03, required_start<=2025-05-28
source_manager: MSN failed (1x)
source_manager: all sources exhausted, will use stale cache
  GEL: source VCI failed: insufficient_data: GEL: VCI: coverage 42.4% (159/375 exchange sessions), first=2026-02-06, required_start<=2025-05-28
source_manager: VCI failed (2x)
  GEL: all sources failed: insufficient_data: GEL: VCI: coverage 42.4% (159/375 exchange sessions), first=2026-02-06, required_start<=2025-05-28
  MCH: source MSN failed: insufficient_data: MCH: MSN: coverage 49.9% (187/375 exchange sessions), first=2025-12-25, required_start<=2025-05-28
source_manager: MSN failed (2x)
source_manager: all sources exhausted, will use stale cache
Cảnh báo: không lấy được giá 3 mã: VCK,TCX,GEL
Phiên: 2026-10-01 (yêu cầu 2026-10-01); nguồn: data_fetcher
  E1_ma10m: OFF (close<ma10m) {'close': 1890.57, 'ma': 1958.91} [điều khiển lệnh, chỉ đổi ở cuối tháng]
  E6_ma200d_b60: OFF (off) {'vn30': 1890.57, 'ma200': 1959.72, 'vn30_above': False, 'breadth_pct': 26.0, 'universe': 50} [theo dõi]
  Lệnh: không có
  Chờ khớp phiên sau: None
  NAV: 100,000,000 VND (vốn đầu 100,000,000)
