  VCK: source VCI failed: insufficient_data: VCK: VCI: coverage 52.3% (196/375 exchange sessions), first=2025-12-16, required_start<=2025-05-29
source_manager: VCI failed (1x)
source_manager: switching to MSN
  VCK: source MSN failed: insufficient_data: VCK: MSN: coverage 52.0% (195/375 exchange sessions), first=2025-12-16, required_start<=2025-05-29
source_manager: MSN failed (1x)
source_manager: all sources exhausted, will use stale cache
  VCK: all sources failed: insufficient_data: VCK: MSN: coverage 52.0% (195/375 exchange sessions), first=2025-12-16, required_start<=2025-05-29
  DPM: source MSN failed: insufficient_data: DPM: MSN: coverage 54.1% (203/375 exchange sessions), first=2025-09-17, required_start<=2025-05-29
source_manager: MSN failed (1x)
source_manager: all sources exhausted, will use stale cache
  TCX: source VCI failed: insufficient_data: TCX: VCI: coverage 62.9% (236/375 exchange sessions), first=2025-10-21, required_start<=2025-05-29
source_manager: VCI failed (1x)
source_manager: switching to MSN
  TCX: source MSN failed: insufficient_data: TCX: MSN: coverage 62.7% (235/375 exchange sessions), first=2025-10-21, required_start<=2025-05-29
source_manager: MSN failed (2x)
source_manager: all sources exhausted, will use stale cache
  TCX: all sources failed: insufficient_data: TCX: MSN: coverage 62.7% (235/375 exchange sessions), first=2025-10-21, required_start<=2025-05-29
  GEL: source MSN failed: insufficient_data: GEL: MSN: coverage 47.7% (179/375 exchange sessions), first=2025-04-04, required_start<=2025-05-29
source_manager: MSN failed (1x)
source_manager: all sources exhausted, will use stale cache
  GEL: source VCI failed: insufficient_data: GEL: VCI: coverage 42.7% (160/375 exchange sessions), first=2026-02-06, required_start<=2025-05-29
source_manager: VCI failed (2x)
  GEL: all sources failed: insufficient_data: GEL: VCI: coverage 42.7% (160/375 exchange sessions), first=2026-02-06, required_start<=2025-05-29
  MCH: source MSN failed: insufficient_data: MCH: MSN: coverage 50.1% (188/375 exchange sessions), first=2025-12-25, required_start<=2025-05-29
source_manager: MSN failed (2x)
source_manager: all sources exhausted, will use stale cache
Cảnh báo: không lấy được giá 3 mã: VCK,TCX,GEL
Phiên: 2026-10-02 (yêu cầu 2026-10-02); nguồn: data_fetcher
  E1_ma10m: OFF (close<ma10m) {'close': 1875.99, 'ma': 1957.45} [điều khiển lệnh, chỉ đổi ở cuối tháng]
  E6_ma200d_b60: OFF (off) {'vn30': 1875.99, 'ma200': 1959.24, 'vn30_above': False, 'breadth_pct': 26.0, 'universe': 50} [theo dõi]
  Lệnh: không có
  Chờ khớp phiên sau: None
  NAV: 100,000,000 VND (vốn đầu 100,000,000)
