  VCK: source VCI failed: insufficient_data: VCK: VCI: coverage 53.2% (200/376 exchange sessions), first=2025-12-16, required_start<=2025-06-03
source_manager: VCI failed (1x)
source_manager: switching to MSN
  VCK: source MSN failed: insufficient_data: VCK: MSN: coverage 53.2% (200/376 exchange sessions), first=2025-12-16, required_start<=2025-06-03
source_manager: MSN failed (1x)
source_manager: all sources exhausted, will use stale cache
  VCK: all sources failed: insufficient_data: VCK: MSN: coverage 53.2% (200/376 exchange sessions), first=2025-12-16, required_start<=2025-06-03
  MSR: source MSN failed: insufficient_data: MSR: MSN: coverage 25.5% (96/376 exchange sessions), first=2025-06-04, required_start<=2025-06-03
source_manager: MSN failed (1x)
source_manager: all sources exhausted, will use stale cache
  TCX: source VCI failed: insufficient_data: TCX: VCI: coverage 63.8% (240/376 exchange sessions), first=2025-10-21, required_start<=2025-06-03
source_manager: VCI failed (1x)
source_manager: switching to MSN
  TCX: source MSN failed: insufficient_data: TCX: MSN: coverage 63.8% (240/376 exchange sessions), first=2025-10-21, required_start<=2025-06-03
source_manager: MSN failed (2x)
source_manager: all sources exhausted, will use stale cache
  TCX: all sources failed: insufficient_data: TCX: MSN: coverage 63.8% (240/376 exchange sessions), first=2025-10-21, required_start<=2025-06-03
  GEL: source MSN failed: insufficient_data: GEL: MSN: coverage 47.3% (178/376 exchange sessions), first=2025-04-14, required_start<=2025-06-03
source_manager: MSN failed (1x)
source_manager: all sources exhausted, will use stale cache
  GEL: source VCI failed: insufficient_data: GEL: VCI: coverage 43.6% (164/376 exchange sessions), first=2026-02-06, required_start<=2025-06-03
source_manager: VCI failed (2x)
  GEL: all sources failed: insufficient_data: GEL: VCI: coverage 43.6% (164/376 exchange sessions), first=2026-02-06, required_start<=2025-06-03
  MCH: source MSN failed: insufficient_data: MCH: MSN: coverage 51.3% (193/376 exchange sessions), first=2025-12-25, required_start<=2025-06-03
source_manager: MSN failed (2x)
source_manager: all sources exhausted, will use stale cache
Cảnh báo: không lấy được giá 3 mã: VCK,TCX,GEL
Phiên: 2026-10-08 (yêu cầu 2026-10-08); nguồn: data_fetcher
  E1_ma10m: OFF (close<ma10m) {'close': 1877.0, 'ma': 1957.55} [điều khiển lệnh, chỉ đổi ở cuối tháng]
  E6_ma200d_b60: OFF (off) {'vn30': 1877.0, 'ma200': 1959.02, 'vn30_above': False, 'breadth_pct': 28.0, 'universe': 50} [theo dõi]
  Lệnh: không có
  Chờ khớp phiên sau: None
  NAV: 100,000,000 VND (vốn đầu 100,000,000)
